Testing dependencies...
notificationService loaded.
